// Jest Snapshot v1, https://goo.gl/fbAQLP

exports[`workerGet Saga should call the repoLoadingError action if the response errors 1`] = `
Object {
  "@@redux-saga/IO": true,
  "CALL": Object {
    "args": Array [],
    "context": null,
    "fn": [Function],
  },
}
`;

exports[`workerGet Saga should dispatch the messageSuccess action if it requests fails 1`] = `
Object {
  "@@redux-saga/IO": true,
  "CALL": Object {
    "args": Array [],
    "context": null,
    "fn": [Function],
  },
}
`;
